// Jest Snapshot v1, https://goo.gl/fbAQLP

exports[`Test App.js Test if the page loads 1`] = `
Array [
  <header>
    <a
      href="/"
      onClick={[Function]}
    >
      <img
        alt="logo"
        src="worldmap-mobile.png"
      />
    </a>
    <h1>
      Api Pollution Metrics
    </h1>
  </header>,
  <section
    id="continentList"
  >
    <h2>
      Start by continent
    </h2>
    <ul />
  </section>,
]
`;
